2026-05-25 20:38:34,728 - etl.load - load_city_revenue - INFO - Starting City Revenue Load...
2026-05-25 20:38:34,731 - etl.load - clear_table_one - INFO - Clearing tables: fact_sales, dim_sales
2026-05-25 20:38:35,064 - etl.load - clear_table_one - INFO - Successfully truncated fact_sales and dim_sales
2026-05-25 20:38:35,065 - etl.ext_trans - get_cities_revenue - INFO - Extracting cities revenue...
2026-05-25 20:38:35,263 - etl.ext_trans - get_cities_revenue - INFO - Successfully extracted 10 cities.
2026-05-25 20:38:35,346 - etl.load - load_city_revenue - INFO - City Revenue Load complete. Loaded 10 records.
2026-05-25 20:38:35,347 - etl.load - load_employee_revenue - INFO - Starting Employee Revenue Load...
2026-05-25 20:38:35,348 - etl.load - clear_table_one - INFO - Clearing tables: fact_employee_revenue, dim_employee_revenue
2026-05-25 20:38:35,527 - etl.load - clear_table_one - INFO - Successfully truncated fact_employee_revenue and dim_employee_revenue
2026-05-25 20:38:35,527 - etl.ext_trans - get_employee_revenue - INFO - Extracting employee revenue...
2026-05-25 20:38:35,558 - etl.ext_trans - get_employee_revenue - INFO - Successfully extracted 14 employees.
2026-05-25 20:38:35,591 - etl.load - load_employee_revenue - INFO - Employee Revenue Load complete. Loaded 14 records.
2026-05-25 20:38:35,591 - etl.load - load_office_revenue - INFO - Starting Office Revenue Load...
2026-05-25 20:38:35,592 - etl.load - clear_table_one - INFO - Clearing tables: fact_office_sales, dim_office_sales
2026-05-25 20:38:35,720 - etl.load - clear_table_one - INFO - Successfully truncated fact_office_sales and dim_office_sales
2026-05-25 20:38:35,721 - etl.ext_trans - get_office_revenue - INFO - Extracting office revenue...
2026-05-25 20:38:35,731 - etl.ext_trans - get_office_revenue - INFO - Successfully extracted 6 offices.
2026-05-25 20:38:35,757 - etl.load - load_office_revenue - INFO - Office Revenue Load complete. Loaded 6 records.
2026-05-25 20:38:35,757 - etl.load - load_product_revenue - INFO - Starting Product Revenue Load...
2026-05-25 20:38:35,758 - etl.load - clear_table_one - INFO - Clearing tables: fact_product_sales, dim_product_sales
2026-05-25 20:38:35,882 - etl.load - clear_table_one - INFO - Successfully truncated fact_product_sales and dim_product_sales
2026-05-25 20:38:35,883 - etl.ext_trans - get_product_revenue - INFO - Extracting product revenue...
2026-05-25 20:38:35,908 - etl.ext_trans - get_product_revenue - INFO - Successfully extracted 13 products.
2026-05-25 20:38:35,941 - etl.load - load_product_revenue - INFO - Product Revenue Load complete. Loaded 13 records.
